// Jest Snapshot v1, https://goo.gl/fbAQLP

exports[`Nav should render the component 1`] = `
Object {
  "asFragment": [Function],
  "baseElement": <body>
    <div>
      <nav
        class="w-full h-14 flex justify-between border-b-2 border-slate-600/200"
      >
        <div
          class="flex"
        >
          <a
            class=" font-bold w-24 h-14 text-center flex justify-center items-center hover:border-b-2 border-black"
            href="/"
          >
            Home
          </a>
          <a
            class=" font-bold w-32 h-14 text-center flex justify-center items-center hover:border-b-2 border-black"
            href="/leaderboard"
          >
            Leaderboard
          </a>
          <a
            class=" font-bold w-24 h-14 text-center flex justify-center items-center hover:border-b-2 border-black"
            href="/new"
          >
            New
          </a>
        </div>
        <div
          class=" w-64 flex justify-between"
        >
          <span
            class="font-bold h-14 text-slate-700 flex items-center"
            data-testid="user-information"
          >
            User: 
            sarahedo
          </span>
          <button
            class="  font-medium w-24 h-14 text-center hover:border-b-2 border-black"
          >
            Logout
          </button>
        </div>
      </nav>
    </div>
  </body>,
  "container": <div>
    <nav
      class="w-full h-14 flex justify-between border-b-2 border-slate-600/200"
    >
      <div
        class="flex"
      >
        <a
          class=" font-bold w-24 h-14 text-center flex justify-center items-center hover:border-b-2 border-black"
          href="/"
        >
          Home
        </a>
        <a
          class=" font-bold w-32 h-14 text-center flex justify-center items-center hover:border-b-2 border-black"
          href="/leaderboard"
        >
          Leaderboard
        </a>
        <a
          class=" font-bold w-24 h-14 text-center flex justify-center items-center hover:border-b-2 border-black"
          href="/new"
        >
          New
        </a>
      </div>
      <div
        class=" w-64 flex justify-between"
      >
        <span
          class="font-bold h-14 text-slate-700 flex items-center"
          data-testid="user-information"
        >
          User: 
          sarahedo
        </span>
        <button
          class="  font-medium w-24 h-14 text-center hover:border-b-2 border-black"
        >
          Logout
        </button>
      </div>
    </nav>
  </div>,
  "debug": [Function],
  "findAllByAltText": [Function],
  "findAllByDisplayValue": [Function],
  "findAllByLabelText": [Function],
  "findAllByPlaceholderText": [Function],
  "findAllByRole": [Function],
  "findAllByTestId": [Function],
  "findAllByText": [Function],
  "findAllByTitle": [Function],
  "findByAltText": [Function],
  "findByDisplayValue": [Function],
  "findByLabelText": [Function],
  "findByPlaceholderText": [Function],
  "findByRole": [Function],
  "findByTestId": [Function],
  "findByText": [Function],
  "findByTitle": [Function],
  "getAllByAltText": [Function],
  "getAllByDisplayValue": [Function],
  "getAllByLabelText": [Function],
  "getAllByPlaceholderText": [Function],
  "getAllByRole": [Function],
  "getAllByTestId": [Function],
  "getAllByText": [Function],
  "getAllByTitle": [Function],
  "getByAltText": [Function],
  "getByDisplayValue": [Function],
  "getByLabelText": [Function],
  "getByPlaceholderText": [Function],
  "getByRole": [Function],
  "getByTestId": [Function],
  "getByText": [Function],
  "getByTitle": [Function],
  "queryAllByAltText": [Function],
  "queryAllByDisplayValue": [Function],
  "queryAllByLabelText": [Function],
  "queryAllByPlaceholderText": [Function],
  "queryAllByRole": [Function],
  "queryAllByTestId": [Function],
  "queryAllByText": [Function],
  "queryAllByTitle": [Function],
  "queryByAltText": [Function],
  "queryByDisplayValue": [Function],
  "queryByLabelText": [Function],
  "queryByPlaceholderText": [Function],
  "queryByRole": [Function],
  "queryByTestId": [Function],
  "queryByText": [Function],
  "queryByTitle": [Function],
  "rerender": [Function],
  "unmount": [Function],
}
`;
