// Jest Snapshot v1, https://goo.gl/fbAQLP

exports[`NewPoll should render the component 1`] = `
Object {
  "asFragment": [Function],
  "baseElement": <body>
    <div>
      <div>
        <h1
          class="text-3xl font-bold mt-9 text-center"
        >
          Would You Rather
        </h1>
        <p
          class="text-center text-slate-700/70"
        >
          Create Your Own Poll
        </p>
        <form>
          <div
            class="mt-9"
          >
            <h3
              class="block text-sm font-bold text-black text-center"
              data-testid="firstOptionLabel"
              for="firstOption"
            >
              First Option
            </h3>
            <div
              class=" mt-3"
            >
              <input
                class="px-3 py-2 bg-white border shadow-sm border-slate-300 placeholder-slate-400  disabled:bg-slate-50 disabled:text-slate-500 disabled:border-slate-200 focus:outline-none focus:border-sky-500 focus:ring-sky-500 block w-full rounded-md sm:text-sm focus:ring-1 invalid:border-pink-500 invalid:text-pink-600 focus:invalid:border-pink-500 focus:invalid:ring-pink-500 disabled:shadow-none"
                data-testid="firstOption"
                id="firstOption"
                name="firstOption"
                placeholder="Option One"
                type="text"
                value=""
              />
            </div>
          </div>
          <div
            class="mt-9"
          >
            <h3
              class="block text-sm font-bold text-black text-center"
              data-testid="secondOptionLabel"
              for="secondOption"
            >
              Second Option
            </h3>
            <div
              class=" mt-3"
            >
              <input
                class="px-3 py-2 bg-white border shadow-sm border-slate-300 placeholder-slate-400  disabled:bg-slate-50 disabled:text-slate-500 disabled:border-slate-200 focus:outline-none focus:border-sky-500 focus:ring-sky-500 block w-full rounded-md sm:text-sm focus:ring-1 invalid:border-pink-500 invalid:text-pink-600 focus:invalid:border-pink-500 focus:invalid:ring-pink-500 disabled:shadow-none"
                data-testid="secondOption"
                id="secondOption"
                name="secondOption"
                placeholder="Option Two"
                type="text"
                value=""
              />
            </div>
          </div>
          <div
            class="mt-6 text-center"
          >
            <button
              class="bg-green-500 hover:bg-green-700 px-5 py-2.5 text-sm leading-5 rounded-md font-bold text-white"
              data-testid="submit-poll"
              type="submit"
            >
              Submit
            </button>
          </div>
        </form>
      </div>
    </div>
  </body>,
  "container": <div>
    <div>
      <h1
        class="text-3xl font-bold mt-9 text-center"
      >
        Would You Rather
      </h1>
      <p
        class="text-center text-slate-700/70"
      >
        Create Your Own Poll
      </p>
      <form>
        <div
          class="mt-9"
        >
          <h3
            class="block text-sm font-bold text-black text-center"
            data-testid="firstOptionLabel"
            for="firstOption"
          >
            First Option
          </h3>
          <div
            class=" mt-3"
          >
            <input
              class="px-3 py-2 bg-white border shadow-sm border-slate-300 placeholder-slate-400  disabled:bg-slate-50 disabled:text-slate-500 disabled:border-slate-200 focus:outline-none focus:border-sky-500 focus:ring-sky-500 block w-full rounded-md sm:text-sm focus:ring-1 invalid:border-pink-500 invalid:text-pink-600 focus:invalid:border-pink-500 focus:invalid:ring-pink-500 disabled:shadow-none"
              data-testid="firstOption"
              id="firstOption"
              name="firstOption"
              placeholder="Option One"
              type="text"
              value=""
            />
          </div>
        </div>
        <div
          class="mt-9"
        >
          <h3
            class="block text-sm font-bold text-black text-center"
            data-testid="secondOptionLabel"
            for="secondOption"
          >
            Second Option
          </h3>
          <div
            class=" mt-3"
          >
            <input
              class="px-3 py-2 bg-white border shadow-sm border-slate-300 placeholder-slate-400  disabled:bg-slate-50 disabled:text-slate-500 disabled:border-slate-200 focus:outline-none focus:border-sky-500 focus:ring-sky-500 block w-full rounded-md sm:text-sm focus:ring-1 invalid:border-pink-500 invalid:text-pink-600 focus:invalid:border-pink-500 focus:invalid:ring-pink-500 disabled:shadow-none"
              data-testid="secondOption"
              id="secondOption"
              name="secondOption"
              placeholder="Option Two"
              type="text"
              value=""
            />
          </div>
        </div>
        <div
          class="mt-6 text-center"
        >
          <button
            class="bg-green-500 hover:bg-green-700 px-5 py-2.5 text-sm leading-5 rounded-md font-bold text-white"
            data-testid="submit-poll"
            type="submit"
          >
            Submit
          </button>
        </div>
      </form>
    </div>
  </div>,
  "debug": [Function],
  "findAllByAltText": [Function],
  "findAllByDisplayValue": [Function],
  "findAllByLabelText": [Function],
  "findAllByPlaceholderText": [Function],
  "findAllByRole": [Function],
  "findAllByTestId": [Function],
  "findAllByText": [Function],
  "findAllByTitle": [Function],
  "findByAltText": [Function],
  "findByDisplayValue": [Function],
  "findByLabelText": [Function],
  "findByPlaceholderText": [Function],
  "findByRole": [Function],
  "findByTestId": [Function],
  "findByText": [Function],
  "findByTitle": [Function],
  "getAllByAltText": [Function],
  "getAllByDisplayValue": [Function],
  "getAllByLabelText": [Function],
  "getAllByPlaceholderText": [Function],
  "getAllByRole": [Function],
  "getAllByTestId": [Function],
  "getAllByText": [Function],
  "getAllByTitle": [Function],
  "getByAltText": [Function],
  "getByDisplayValue": [Function],
  "getByLabelText": [Function],
  "getByPlaceholderText": [Function],
  "getByRole": [Function],
  "getByTestId": [Function],
  "getByText": [Function],
  "getByTitle": [Function],
  "queryAllByAltText": [Function],
  "queryAllByDisplayValue": [Function],
  "queryAllByLabelText": [Function],
  "queryAllByPlaceholderText": [Function],
  "queryAllByRole": [Function],
  "queryAllByTestId": [Function],
  "queryAllByText": [Function],
  "queryAllByTitle": [Function],
  "queryByAltText": [Function],
  "queryByDisplayValue": [Function],
  "queryByLabelText": [Function],
  "queryByPlaceholderText": [Function],
  "queryByRole": [Function],
  "queryByTestId": [Function],
  "queryByText": [Function],
  "queryByTitle": [Function],
  "rerender": [Function],
  "unmount": [Function],
}
`;
